C251 COMPILER V5.60.0,  interupt                                                           27/01/24  11:12:03  PAGE 1   


C251 COMPILER V5.60.0, COMPILATION OF MODULE interupt
OBJECT MODULE PLACED IN .\List\interupt.obj
COMPILER INVOKED BY: G:\KEIL_CORE\C251\BIN\C251.EXE ..\user\src\interupt.c XSMALL INTR2 BROWSE INCDIR(..\driver\include;
                    -..\peripheral\header;..\user\include) DEBUG PRINT(.\List\interupt.lst) OBJECT(.\List\interupt.obj) 

stmt  level    source

    1          #include "config.h"


Module Information          Static   Overlayable
------------------------------------------------
  code size            =    ------     ------
  ecode size           =    ------     ------
  data size            =    ------     ------
  idata size           =    ------     ------
  pdata size           =    ------     ------
  xdata size           =    ------     ------
  xdata-const size     =    ------     ------
  edata size           =    ------     ------
  bit size             =    ------     ------
  ebit size            =    ------     ------
  bitaddressable size  =    ------     ------
  ebitaddressable size =    ------     ------
  far data size        =    ------     ------
  huge data size       =    ------     ------
  const size           =    ------     ------
  hconst size          =    ------     ------
End of Module Information.


C251 COMPILATION COMPLETE.  0 WARNING(S),  0 ERROR(S)
