A251 MACRO ASSEMBLER  isr                                                                   26/01/24 10:11:21 PAGE     1


MACRO ASSEMBLER A251 V4.69.13.0
OBJECT MODULE PLACED IN .\List\isr.obj
ASSEMBLER INVOKED BY: G:\KEIL_CORE\C251\BIN\A251.EXE ..\user\src\isr.asm MODSRC INTR2 SET(XSMALL) DEBUG PRINT(.\List\isr
                      .lst) OBJECT(.\List\isr.obj) EP

LOC    OBJ             LINE     SOURCE

000123                    1             CSEG    AT  0123H           ;RTC_VECTOR
000123 020000     F       2             JMP     RTC_VECTOR
00012B                    3             CSEG    AT  012BH           ;P0INT_VECTOR
00012B 020000     F       4             JMP     P0INT_ISR
000133                    5             CSEG    AT  0133H           ;P1INT_VECTOR
000133 020000     F       6             JMP     P1INT_ISR
00013B                    7             CSEG    AT  013BH           ;P2INT_VECTOR
00013B 020000     F       8             JMP     P2INT_ISR
000143                    9             CSEG    AT  0143H           ;P3INT_VECTOR
000143 020000     F      10             JMP     P3INT_ISR
00014B                   11             CSEG    AT  014BH           ;P4INT_VECTOR
00014B 020000     F      12             JMP     P4INT_ISR
000153                   13             CSEG    AT  0153H           ;P5INT_VECTOR
000153 020000     F      14             JMP     P5INT_ISR
00015B                   15             CSEG    AT  015BH           ;P6INT_VECTOR
00015B 020000     F      16             JMP     P6INT_ISR
000163                   17             CSEG    AT  0163H           ;P7INT_VECTOR
000163 020000     F      18             JMP     P7INT_ISR
00016B                   19             CSEG    AT  016BH           ;P8INT_VECTOR
00016B 020000     F      20             JMP     P8INT_ISR
000173                   21             CSEG    AT  0173H           ;P9INT_VECTOR
000173 020000     F      22             JMP     P9INT_ISR
00017B                   23             CSEG    AT  017BH           ;M2MDMA_VECTOR
00017B 020000     F      24             JMP     M2MDMA_ISR
000183                   25             CSEG    AT  0183H           ;ADCDMA_VECTOR
000183 020000     F      26             JMP     ADCDMA_ISR
00018B                   27             CSEG    AT  018BH           ;SPIDMA_VECTOR
00018B 020000     F      28             JMP     SPIDMA_ISR
000193                   29             CSEG    AT  0193H           ;U1TXDMA_VECTOR
000193 020000     F      30             JMP     U1TXDMA_ISR
00019B                   31             CSEG    AT  019BH           ;U1RXDMA_VECTOR
00019B 020000     F      32             JMP     U1RXDMA_ISR
0001A3                   33             CSEG    AT  01A3H           ;U2TXDMA_VECTOR
0001A3 020000     F      34             JMP     U2TXDMA_ISR
0001AB                   35             CSEG    AT  01ABH           ;U2RXDMA_VECTOR
0001AB 020000     F      36             JMP     U2RXDMA_ISR
0001B3                   37             CSEG    AT  01B3H           ;U3TXDMA_VECTOR
0001B3 020000     F      38             JMP     U3TXDMA_ISR
0001BB                   39             CSEG    AT  01BBH           ;U3RXDMA_VECTOR
0001BB 020000     F      40             JMP     U3RXDMA_ISR
0001C3                   41             CSEG    AT  01C3H           ;U4TXDMA_VECTOR
0001C3 020000     F      42             JMP     U4TXDMA_ISR
0001CB                   43             CSEG    AT  01CBH           ;U4RXDMA_VECTOR
0001CB 020000     F      44             JMP     U4RXDMA_ISR
0001D3                   45             CSEG    AT  01D3H           ;LCMDMA_VECTOR
0001D3 020000     F      46             JMP     LCMDMA_ISR
0001DB                   47             CSEG    AT  01DBH           ;LCMIF_VECTOR
0001DB 020000     F      48             JMP     LCMIF_ISR
0001E3                   49             CSEG    AT  01E3H           ;I2CTDMA_VECTOR
0001E3 020000     F      50             JMP     I2CTDMA_ISR
0001EB                   51             CSEG    AT  01EBH           ;I2CRDMA_VECTOR
0001EB 020000     F      52             JMP     I2CRDMA_ISR
0001F3                   53             CSEG    AT  01F3H           ;I2SIF_VECTOR
0001F3 020000     F      54             JMP     I2SIF_ISR
0001FB                   55             CSEG    AT  01FBH           ;I2STDMA_VECTOR
0001FB 020000     F      56             JMP     I2STDMA_ISR
000203                   57             CSEG    AT  0203H           ;I2SRDMA_VECTOR
A251 MACRO ASSEMBLER  isr                                                                   26/01/24 10:11:21 PAGE     2

000203 8000       F      58             JMP     I2SRDMA_ISR
000205                   59     RTC_VECTOR:
000205                   60     P0INT_ISR:
000205                   61     P1INT_ISR:
000205                   62     P2INT_ISR:
000205                   63     P3INT_ISR:
000205                   64     P4INT_ISR:
000205                   65     P5INT_ISR:
000205                   66     P6INT_ISR:
000205                   67     P7INT_ISR:
000205                   68     P8INT_ISR:
000205                   69     P9INT_ISR:
000205                   70     M2MDMA_ISR:
000205                   71     ADCDMA_ISR:
000205                   72     SPIDMA_ISR:
000205                   73     U1TXDMA_ISR:
000205                   74     U1RXDMA_ISR:
000205                   75     U2TXDMA_ISR:
000205                   76     U2RXDMA_ISR:
000205                   77     U3TXDMA_ISR:
000205                   78     U3RXDMA_ISR:
000205                   79     U4TXDMA_ISR:
000205                   80     U4RXDMA_ISR:
000205                   81     LCMDMA_ISR:
000205                   82     LCMIF_ISR:
000205                   83     I2CTDMA_ISR:
000205                   84     I2CRDMA_ISR:
000205                   85     I2SIF_ISR:
000205                   86     I2STDMA_ISR:
000205                   87     I2SRDMA_ISR:
000205 02006B            88             JMP     006BH
                         89             END
A251 MACRO ASSEMBLER  isr                                                                   26/01/24 10:11:21 PAGE     3

SYMBOL TABLE LISTING
------ ----- -------


N A M E      T Y P E  V A L U E     ATTRIBUTES

ADCDMA_ISR . . . .  C  ADDR  0205H     R   SEG=?CO?isr?29
I2CRDMA_ISR. . . .  C  ADDR  0205H     R   SEG=?CO?isr?29
I2CTDMA_ISR. . . .  C  ADDR  0205H     R   SEG=?CO?isr?29
I2SIF_ISR. . . . .  C  ADDR  0205H     R   SEG=?CO?isr?29
I2SRDMA_ISR. . . .  C  ADDR  0205H     R   SEG=?CO?isr?29
I2STDMA_ISR. . . .  C  ADDR  0205H     R   SEG=?CO?isr?29
LCMDMA_ISR . . . .  C  ADDR  0205H     R   SEG=?CO?isr?29
LCMIF_ISR. . . . .  C  ADDR  0205H     R   SEG=?CO?isr?29
M2MDMA_ISR . . . .  C  ADDR  0205H     R   SEG=?CO?isr?29
P0INT_ISR. . . . .  C  ADDR  0205H     R   SEG=?CO?isr?29
P1INT_ISR. . . . .  C  ADDR  0205H     R   SEG=?CO?isr?29
P2INT_ISR. . . . .  C  ADDR  0205H     R   SEG=?CO?isr?29
P3INT_ISR. . . . .  C  ADDR  0205H     R   SEG=?CO?isr?29
P4INT_ISR. . . . .  C  ADDR  0205H     R   SEG=?CO?isr?29
P5INT_ISR. . . . .  C  ADDR  0205H     R   SEG=?CO?isr?29
P6INT_ISR. . . . .  C  ADDR  0205H     R   SEG=?CO?isr?29
P7INT_ISR. . . . .  C  ADDR  0205H     R   SEG=?CO?isr?29
P8INT_ISR. . . . .  C  ADDR  0205H     R   SEG=?CO?isr?29
P9INT_ISR. . . . .  C  ADDR  0205H     R   SEG=?CO?isr?29
RTC_VECTOR . . . .  C  ADDR  0205H     R   SEG=?CO?isr?29
SPIDMA_ISR . . . .  C  ADDR  0205H     R   SEG=?CO?isr?29
U1RXDMA_ISR. . . .  C  ADDR  0205H     R   SEG=?CO?isr?29
U1TXDMA_ISR. . . .  C  ADDR  0205H     R   SEG=?CO?isr?29
U2RXDMA_ISR. . . .  C  ADDR  0205H     R   SEG=?CO?isr?29
U2TXDMA_ISR. . . .  C  ADDR  0205H     R   SEG=?CO?isr?29
U3RXDMA_ISR. . . .  C  ADDR  0205H     R   SEG=?CO?isr?29
U3TXDMA_ISR. . . .  C  ADDR  0205H     R   SEG=?CO?isr?29
U4RXDMA_ISR. . . .  C  ADDR  0205H     R   SEG=?CO?isr?29
U4TXDMA_ISR. . . .  C  ADDR  0205H     R   SEG=?CO?isr?29


REGISTER BANK(S) USED: 


ASSEMBLY COMPLETE.  0 WARNING(S), 0 ERROR(S).
