C251 COMPILER V5.60.0,  STC32G_PWM_Isr                                                     25/01/24  22:28:45  PAGE 1   


C251 COMPILER V5.60.0, COMPILATION OF MODULE STC32G_PWM_Isr
OBJECT MODULE PLACED IN .\Objects\STC32G_PWM_Isr.obj
COMPILER INVOKED BY: G:\KEIL_CORE\C251\BIN\C251.EXE ..\driver\isr\STC32G_PWM_Isr.c XSMALL INTR2 BROWSE INCDIR(..\driver\
                    -include;..\peripheral\header;..\user\include) DEBUG PRINT(.\Listings\STC32G_PWM_Isr.lst) OBJECT(.\Objects\STC32G_PWM_Isr
                    -.obj) 

stmt  level    source

    1          /*---------------------------------------------------------------------*/
    2          /* --- STC MCU Limited ------------------------------------------------*/
    3          /* --- STC 1T Series MCU Demo Programme -------------------------------*/
    4          /* --- Mobile: (86)13922805190 ----------------------------------------*/
    5          /* --- Fax: 86-0513-55012956,55012947,55012969 ------------------------*/
    6          /* --- Tel: 86-0513-55012928,55012929,55012966 ------------------------*/
    7          /* --- Web: www.STCAI.com ---------------------------------------------*/
    8          /* --- Web: www.STCMCUDATA.com  ---------------------------------------*/
    9          /* --- BBS: www.STCAIMCU.com  -----------------------------------------*/
   10          /* --- QQ:  800003751 -------------------------------------------------*/
   11          /* 如果要在程序中使用此代码,请在程序中注明使用了STC的资料及程序            */
   12          /*---------------------------------------------------------------------*/
   13          
   14          #include "STC32G_PWM.h"
   15          
   16          //========================================================================
   17          // 函数: PWMA_ISR_Handler
   18          // 描述: PWMA中断函数.
   19          // 参数: none.
   20          // 返回: none.
   21          // 版本: V1.0, 2023-04-15
   22          //========================================================================
   23          void PWMA_ISR_Handler (void) interrupt PWMA_VECTOR
   24          {
   25   1              // TODO: 在此处添加用户代码
   26   1          if (PWMA_SR1 & 0x01)    //UIFA 更新中断
   27   1          {
   28   2              PWMA_SR1 &= ~0x01;
   29   2      
   30   2          }
   31   1          if (PWMA_SR1 & 0x02)    //CC1IF 捕获/比较中断
   32   1          {
   33   2              PWMA_SR1 &= ~0x02;
   34   2      
   35   2          }
   36   1          if (PWMA_SR1 & 0x04)    //CC2IF 捕获/比较中断
   37   1          {
   38   2              PWMA_SR1 &= ~0x04;
   39   2      
   40   2          }
   41   1          if (PWMA_SR1 & 0x08)    //CC3IF 捕获/比较中断
   42   1          {
   43   2              PWMA_SR1 &= ~0x08;
   44   2      
   45   2          }
   46   1          if (PWMA_SR1 & 0x10)    //CC4IF 捕获/比较中断
   47   1          {
   48   2              PWMA_SR1 &= ~0x10;
   49   2      
   50   2          }
   51   1          if (PWMA_SR1 & 0x20)    //COMIFA 中断
   52   1          {
   53   2              PWMA_SR1 &= ~0x20;
   54   2      
   55   2          }
   56   1          if (PWMA_SR1 & 0x40)    //TIFA 触发器中断
   57   1          {
C251 COMPILER V5.60.0,  STC32G_PWM_Isr                                                     25/01/24  22:28:45  PAGE 2   

   58   2              PWMA_SR1 &= ~0x40;
   59   2      
   60   2          }
   61   1          if (PWMA_SR1 & 0x80)    //BIFA 刹车中断
   62   1          {
   63   2              PWMA_SR1 &= ~0x80;
   64   2      
   65   2          }
   66   1      }
   67          
   68          //========================================================================
   69          // 函数: PWMB_ISR_Handler
   70          // 描述: PWMB中断函数.
   71          // 参数: none.
   72          // 返回: none.
   73          // 版本: V1.0, 2023-04-15
   74          //========================================================================
   75          void PWMB_ISR_Handler (void) interrupt PWMB_VECTOR
   76          {
   77   1              // TODO: 在此处添加用户代码
   78   1          if (PWMB_SR1 & 0x01)    //UIFB 更新中断
   79   1          {
   80   2              PWMB_SR1 &= ~0x01;
   81   2      
   82   2          }
   83   1          if (PWMB_SR1 & 0x02)    //CC5IF 捕获/比较中断
   84   1          {
   85   2              PWMB_SR1 &= ~0x02;
   86   2      
   87   2          }
   88   1          if (PWMB_SR1 & 0x04)    //CC6IF 捕获/比较中断
   89   1          {
   90   2              PWMB_SR1 &= ~0x04;
   91   2      
   92   2          }
   93   1          if (PWMB_SR1 & 0x08)    //CC7IF 捕获/比较中断
   94   1          {
   95   2              PWMB_SR1 &= ~0x08;
   96   2      
   97   2          }
   98   1          if (PWMB_SR1 & 0x10)    //CC8IF 捕获/比较中断
   99   1          {
  100   2              PWMB_SR1 &= ~0x10;
  101   2      
  102   2          }
  103   1          if (PWMB_SR1 & 0x20)    //COMIFB 中断
  104   1          {
  105   2              PWMB_SR1 &= ~0x20;
  106   2      
  107   2          }
  108   1          if (PWMB_SR1 & 0x40)    //TIFB 触发器中断
  109   1          {
  110   2              PWMB_SR1 &= ~0x40;
  111   2      
  112   2          }
  113   1          if (PWMB_SR1 & 0x80)    //BIFB 刹车中断
  114   1          {
  115   2              PWMB_SR1 &= ~0x80;
  116   2      
  117   2          }
  118   1      }
  119          
  120          


Module Information          Static   Overlayable
------------------------------------------------
C251 COMPILER V5.60.0,  STC32G_PWM_Isr                                                     25/01/24  22:28:45  PAGE 3   

  code size            =       272     ------
  ecode size           =    ------     ------
  data size            =    ------     ------
  idata size           =    ------     ------
  pdata size           =    ------     ------
  xdata size           =    ------     ------
  xdata-const size     =    ------     ------
  edata size           =    ------     ------
  bit size             =    ------     ------
  ebit size            =    ------     ------
  bitaddressable size  =    ------     ------
  ebitaddressable size =    ------     ------
  far data size        =    ------     ------
  huge data size       =    ------     ------
  const size           =    ------     ------
  hconst size          =    ------     ------
End of Module Information.


C251 COMPILATION COMPLETE.  0 WARNING(S),  0 ERROR(S)
